// Jest Snapshot v1, https://goo.gl/fbAQLP

exports[`Render a blockclipboardcorner 1`] = `
<div
  class="blockclipboardcorner"
>
  Hello world
</div>
`;
