// Jest Snapshot v1, https://goo.gl/fbAQLP

exports[`Render a blockclipboardbutton 1`] = `
<div
  class="blockclipboardbutton"
>
  Hello world
</div>
`;
